// Jest Snapshot v1, https://goo.gl/fbAQLP

exports[`Settings should render correctly 1`] = `
<div>
  <div
    class="MuiPaper-root MuiPaper-elevation MuiPaper-rounded MuiPaper-elevation1 css-1gtchvp-MuiPaper-root"
    style="--Paper-shadow: 0px 2px 1px -1px rgba(0,0,0,0.2),0px 1px 1px 0px rgba(0,0,0,0.14),0px 1px 3px 0px rgba(0,0,0,0.12);"
  >
    <div
      class="MuiStack-root css-11j5mmt-MuiStack-root"
    >
      <h4
        class="MuiTypography-root MuiTypography-h4 css-f84ov1-MuiTypography-root"
      >
        Welcome to the Pokémon Quiz!
      </h4>
      <div
        class="MuiStack-root css-6rg9iv-MuiStack-root"
      >
        <p
          class="MuiTypography-root MuiTypography-body1 css-rizt0-MuiTypography-root"
        >
          How many questions long would you like your quiz to be?:
        </p>
        <div
          class="MuiInputBase-root MuiOutlinedInput-root MuiInputBase-colorPrimary MuiSelect-root css-1qt1yco-MuiInputBase-root-MuiOutlinedInput-root-MuiSelect-root"
        >
          <div
            aria-expanded="false"
            aria-haspopup="listbox"
            class="MuiSelect-select MuiSelect-outlined MuiInputBase-input MuiOutlinedInput-input css-w76bbz-MuiSelect-select-MuiInputBase-input-MuiOutlinedInput-input"
            role="combobox"
            tabindex="0"
          >
            Short (5 questions)
          </div>
          <input
            aria-hidden="true"
            aria-invalid="false"
            class="MuiSelect-nativeInput css-j0riat-MuiSelect-nativeInput"
            tabindex="-1"
            value="5"
          />
          <svg
            aria-hidden="true"
            class="MuiSvgIcon-root MuiSvgIcon-fontSizeMedium MuiSelect-icon MuiSelect-iconOutlined css-lohd6h-MuiSvgIcon-root-MuiSelect-icon"
            data-testid="ArrowDropDownIcon"
            focusable="false"
            viewBox="0 0 24 24"
          >
            <path
              d="M7 10l5 5 5-5z"
            />
          </svg>
          <fieldset
            aria-hidden="true"
            class="MuiOutlinedInput-notchedOutline css-1ll44ll-MuiOutlinedInput-notchedOutline"
          >
            <legend
              class="css-w4cd9x"
            >
              <span
                aria-hidden="true"
                class="notranslate"
              >
                ​
              </span>
            </legend>
          </fieldset>
        </div>
      </div>
      <div
        class="MuiStack-root css-163ljxj-MuiStack-root"
      >
        <p
          class="MuiTypography-root MuiTypography-body1 css-rizt0-MuiTypography-root"
        >
          Select at least one question type for your quiz:
        </p>
        <ul
          class="MuiList-root MuiList-padding css-v54zg0-MuiList-root"
        >
          <li
            class="MuiListItem-root MuiListItem-gutters css-19f6boz-MuiListItem-root"
          >
            <div
              class="MuiButtonBase-root MuiListItemButton-root MuiListItemButton-dense MuiListItemButton-gutters MuiListItemButton-root MuiListItemButton-dense MuiListItemButton-gutters css-2knotq-MuiButtonBase-root-MuiListItemButton-root"
              role="button"
              tabindex="0"
            >
              <div
                class="MuiListItemIcon-root css-cokf1l-MuiListItemIcon-root"
              >
                <span
                  class="MuiButtonBase-root MuiCheckbox-root MuiCheckbox-colorPrimary MuiCheckbox-sizeMedium PrivateSwitchBase-root MuiCheckbox-root MuiCheckbox-colorPrimary MuiCheckbox-sizeMedium MuiCheckbox-root MuiCheckbox-colorPrimary MuiCheckbox-sizeMedium css-rji8ye-MuiButtonBase-root-MuiCheckbox-root"
                >
                  <input
                    class="PrivateSwitchBase-input css-j8yymo"
                    data-indeterminate="false"
                    type="checkbox"
                  />
                  <svg
                    aria-hidden="true"
                    class="MuiSvgIcon-root MuiSvgIcon-fontSizeMedium css-1umw9bq-MuiSvgIcon-root"
                    data-testid="CheckBoxOutlineBlankIcon"
                    focusable="false"
                    viewBox="0 0 24 24"
                  >
                    <path
                      d="M19 5v14H5V5h14m0-2H5c-1.1 0-2 .9-2 2v14c0 1.1.9 2 2 2h14c1.1 0 2-.9 2-2V5c0-1.1-.9-2-2-2z"
                    />
                  </svg>
                </span>
              </div>
              <div
                class="MuiListItemText-root MuiListItemText-dense css-cfq8qh-MuiListItemText-root"
              >
                <span
                  class="MuiTypography-root MuiTypography-body2 MuiListItemText-primary css-7ctihp-MuiTypography-root"
                >
                  Name That Pokémon - Identify the Pokémon from its image
                </span>
              </div>
            </div>
          </li>
          <li
            class="MuiListItem-root MuiListItem-gutters css-19f6boz-MuiListItem-root"
          >
            <div
              class="MuiButtonBase-root MuiListItemButton-root MuiListItemButton-dense MuiListItemButton-gutters MuiListItemButton-root MuiListItemButton-dense MuiListItemButton-gutters css-2knotq-MuiButtonBase-root-MuiListItemButton-root"
              role="button"
              tabindex="0"
            >
              <div
                class="MuiListItemIcon-root css-cokf1l-MuiListItemIcon-root"
              >
                <span
                  class="MuiButtonBase-root MuiCheckbox-root MuiCheckbox-colorPrimary MuiCheckbox-sizeMedium PrivateSwitchBase-root MuiCheckbox-root MuiCheckbox-colorPrimary MuiCheckbox-sizeMedium MuiCheckbox-root MuiCheckbox-colorPrimary MuiCheckbox-sizeMedium css-rji8ye-MuiButtonBase-root-MuiCheckbox-root"
                >
                  <input
                    class="PrivateSwitchBase-input css-j8yymo"
                    data-indeterminate="false"
                    type="checkbox"
                  />
                  <svg
                    aria-hidden="true"
                    class="MuiSvgIcon-root MuiSvgIcon-fontSizeMedium css-1umw9bq-MuiSvgIcon-root"
                    data-testid="CheckBoxOutlineBlankIcon"
                    focusable="false"
                    viewBox="0 0 24 24"
                  >
                    <path
                      d="M19 5v14H5V5h14m0-2H5c-1.1 0-2 .9-2 2v14c0 1.1.9 2 2 2h14c1.1 0 2-.9 2-2V5c0-1.1-.9-2-2-2z"
                    />
                  </svg>
                </span>
              </div>
              <div
                class="MuiListItemText-root MuiListItemText-dense css-cfq8qh-MuiListItemText-root"
              >
                <span
                  class="MuiTypography-root MuiTypography-body2 MuiListItemText-primary css-7ctihp-MuiTypography-root"
                >
                  Pokémon Ability - Choose the correct ability for the Pokémon
                </span>
              </div>
            </div>
          </li>
          <li
            class="MuiListItem-root MuiListItem-gutters css-19f6boz-MuiListItem-root"
          >
            <div
              class="MuiButtonBase-root MuiListItemButton-root MuiListItemButton-dense MuiListItemButton-gutters MuiListItemButton-root MuiListItemButton-dense MuiListItemButton-gutters css-2knotq-MuiButtonBase-root-MuiListItemButton-root"
              role="button"
              tabindex="0"
            >
              <div
                class="MuiListItemIcon-root css-cokf1l-MuiListItemIcon-root"
              >
                <span
                  class="MuiButtonBase-root MuiCheckbox-root MuiCheckbox-colorPrimary MuiCheckbox-sizeMedium PrivateSwitchBase-root MuiCheckbox-root MuiCheckbox-colorPrimary MuiCheckbox-sizeMedium MuiCheckbox-root MuiCheckbox-colorPrimary MuiCheckbox-sizeMedium css-rji8ye-MuiButtonBase-root-MuiCheckbox-root"
                >
                  <input
                    class="PrivateSwitchBase-input css-j8yymo"
                    data-indeterminate="false"
                    type="checkbox"
                  />
                  <svg
                    aria-hidden="true"
                    class="MuiSvgIcon-root MuiSvgIcon-fontSizeMedium css-1umw9bq-MuiSvgIcon-root"
                    data-testid="CheckBoxOutlineBlankIcon"
                    focusable="false"
                    viewBox="0 0 24 24"
                  >
                    <path
                      d="M19 5v14H5V5h14m0-2H5c-1.1 0-2 .9-2 2v14c0 1.1.9 2 2 2h14c1.1 0 2-.9 2-2V5c0-1.1-.9-2-2-2z"
                    />
                  </svg>
                </span>
              </div>
              <div
                class="MuiListItemText-root MuiListItemText-dense css-cfq8qh-MuiListItemText-root"
              >
                <span
                  class="MuiTypography-root MuiTypography-body2 MuiListItemText-primary css-7ctihp-MuiTypography-root"
                >
                  Pokémon Move - Identify the move that the Pokémon can learn
                </span>
              </div>
            </div>
          </li>
          <li
            class="MuiListItem-root MuiListItem-gutters css-19f6boz-MuiListItem-root"
          >
            <div
              class="MuiButtonBase-root MuiListItemButton-root MuiListItemButton-dense MuiListItemButton-gutters MuiListItemButton-root MuiListItemButton-dense MuiListItemButton-gutters css-2knotq-MuiButtonBase-root-MuiListItemButton-root"
              role="button"
              tabindex="0"
            >
              <div
                class="MuiListItemIcon-root css-cokf1l-MuiListItemIcon-root"
              >
                <span
                  class="MuiButtonBase-root MuiCheckbox-root MuiCheckbox-colorPrimary MuiCheckbox-sizeMedium PrivateSwitchBase-root MuiCheckbox-root MuiCheckbox-colorPrimary MuiCheckbox-sizeMedium MuiCheckbox-root MuiCheckbox-colorPrimary MuiCheckbox-sizeMedium css-rji8ye-MuiButtonBase-root-MuiCheckbox-root"
                >
                  <input
                    class="PrivateSwitchBase-input css-j8yymo"
                    data-indeterminate="false"
                    type="checkbox"
                  />
                  <svg
                    aria-hidden="true"
                    class="MuiSvgIcon-root MuiSvgIcon-fontSizeMedium css-1umw9bq-MuiSvgIcon-root"
                    data-testid="CheckBoxOutlineBlankIcon"
                    focusable="false"
                    viewBox="0 0 24 24"
                  >
                    <path
                      d="M19 5v14H5V5h14m0-2H5c-1.1 0-2 .9-2 2v14c0 1.1.9 2 2 2h14c1.1 0 2-.9 2-2V5c0-1.1-.9-2-2-2z"
                    />
                  </svg>
                </span>
              </div>
              <div
                class="MuiListItemText-root MuiListItemText-dense css-cfq8qh-MuiListItemText-root"
              >
                <span
                  class="MuiTypography-root MuiTypography-body2 MuiListItemText-primary css-7ctihp-MuiTypography-root"
                >
                  Pokémon Type - Choose the correct type for the Pokémon
                </span>
              </div>
            </div>
          </li>
        </ul>
      </div>
      <button
        class="MuiButtonBase-root MuiButton-root MuiButton-contained MuiButton-containedPrimary MuiButton-sizeMedium MuiButton-containedSizeMedium MuiButton-colorPrimary Mui-disabled MuiButton-root MuiButton-contained MuiButton-containedPrimary MuiButton-sizeMedium MuiButton-containedSizeMedium MuiButton-colorPrimary css-74d805-MuiButtonBase-root-MuiButton-root"
        disabled=""
        tabindex="-1"
        type="button"
      >
        <p
          class="MuiTypography-root MuiTypography-body1 css-rizt0-MuiTypography-root"
        >
          Start Quiz
        </p>
      </button>
    </div>
  </div>
</div>
`;
